 ===========================>     TALLY 15     <============================

 Material 1
   Incoming Energy [0, 20000000)
     Total Material
       Flux                                 0.0747583 +/- 0.000421537
       Total Reaction Rate                  13.3605 +/- 0.0838156
       Absorption Rate                      1.00903 +/- 0.00509497
       Nu-Fission Rate                      1.88874 +/- 0.00865243
       Fission Rate                         0.739457 +/- 0.00338686
 ===========================>     TALLY 23     <============================

 Material 1
   Incoming Energy [0, 20000000)
     Total Material
       Flux                                 0.0747942 +/- 0.000329503
       Nu-Fission Rate                      1.88747 +/- 0.0148323
 ===========================>     TALLY 17     <============================

 Material 1
   Incoming Energy [0, 20000000)
     Outgoing Energy [0, 20000000)
       Legendre expansion, P0
         Total Material
           Scattering Production Rate           12.3723 +/- 0.0695863
       Legendre expansion, P1
         Total Material
           Scattering Production Rate           2.70448 +/- 0.0169985
       Legendre expansion, P2
         Total Material
           Scattering Production Rate           1.10927 +/- 0.00672876
       Legendre expansion, P3
         Total Material
           Scattering Production Rate           0.565578 +/- 0.00653358
 ===========================>     TALLY 20     <============================

 Material 1
   Incoming Energy [0, 20000000)
     Outgoing Energy [0, 20000000)
       Total Material
         Scattering Production Rate           12.3723 +/- 0.0695863
         Scattering Rate                      12.3689 +/- 0.0694799
 ===========================>     TALLY 22     <============================

 Material 1
   Outgoing Energy [0, 20000000)
     Total Material
       Nu-Fission Rate                      1.88747 +/- 0.0148323
